GowinSynthesis start
Running parser ...
Analyzing Verilog file 'D:\docs\ostim\digital\gowin\hdmi_project\src\dvi_tx\dvi_tx.v'
Analyzing Verilog file 'D:\docs\ostim\digital\gowin\hdmi_project\src\testpattern.v'
Analyzing Verilog file 'D:\docs\ostim\digital\gowin\hdmi_project\src\video_top.v'
Analyzing Verilog file 'D:\docs\ostim\digital\gowin\hdmi_project\src\gowin_rpll\gowin_rpll.v'
Compiling module 'video_top'("D:\docs\ostim\digital\gowin\hdmi_project\src\video_top.v":24)
Compiling module 'testpattern'("D:\docs\ostim\digital\gowin\hdmi_project\src\testpattern.v":18)
Compiling module 'Gowin_rPLL'("D:\docs\ostim\digital\gowin\hdmi_project\src\gowin_rpll\gowin_rpll.v":10)
Compiling module 'DVI_TX_Top'("D:\docs\ostim\digital\gowin\hdmi_project\src\dvi_tx\dvi_tx.v":1072)
Compiling module '**'("D:\docs\ostim\digital\gowin\hdmi_project\src\dvi_tx\dvi_tx.v":1071)
NOTE  (EX0101) : Current top module is "video_top"
[5%] Running netlist conversion ...
Running device independent optimization ...
[10%] Optimizing Phase 0 completed
[15%] Optimizing Phase 1 completed
[25%] Optimizing Phase 2 completed
Running inference ...
[30%] Inferring Phase 0 completed
[40%] Inferring Phase 1 completed
[50%] Inferring Phase 2 completed
[55%] Inferring Phase 3 completed
Running technical mapping ...
[60%] Tech-Mapping Phase 0 completed
[65%] Tech-Mapping Phase 1 completed
[75%] Tech-Mapping Phase 2 completed
[80%] Tech-Mapping Phase 3 completed
[90%] Tech-Mapping Phase 4 completed
[95%] Generate netlist file "D:\docs\ostim\digital\gowin\hdmi_project\impl\gwsynthesis\dk_video.vg" completed
[100%] Generate report file "D:\docs\ostim\digital\gowin\hdmi_project\impl\gwsynthesis\dk_video_syn.rpt.html" completed
GowinSynthesis finish
